2026-06-11 20:54:02 - You select: D:\Codes\UTFPR\TCC\github\scripts\_in_offline
2026-06-11 20:54:02 - Out folder: D:\Codes\UTFPR\TCC\github\scripts\flows_offline
2026-06-11 20:54:05 - Forward flow closed due to FIN Flag
2026-06-11 20:54:05 - Forward flow received 2 FIN packets
2026-06-11 20:54:05 - Forward flow closed due to FIN Flag
2026-06-11 20:54:05 - Forward flow closed due to FIN Flag
2026-06-11 20:54:05 - Forward flow closed due to FIN Flag
2026-06-11 20:54:05 - Forward flow closed due to FIN Flag
2026-06-11 20:54:05 - Forward flow closed due to FIN Flag
2026-06-11 20:54:05 - Forward flow closed due to FIN Flag
2026-06-11 20:54:05 - Forward flow received 2 FIN packets
2026-06-11 20:54:05 - Forward flow received 3 FIN packets
2026-06-11 20:54:05 - Forward flow received 4 FIN packets
2026-06-11 20:54:05 - Forward flow closed due to FIN Flag
2026-06-11 20:54:05 - Forward flow closed due to FIN Flag
2026-06-11 20:54:05 - Forward flow received 5 FIN packets
2026-06-11 20:54:05 - Forward flow closed due to FIN Flag
2026-06-11 20:54:05 - Forward flow closed due to FIN Flag
2026-06-11 20:54:05 - Forward flow closed due to FIN Flag
2026-06-11 20:54:05 - Forward flow closed due to FIN Flag
2026-06-11 20:54:05 - Forward flow closed due to FIN Flag
2026-06-11 20:54:05 - Forward flow received 2 FIN packets
2026-06-11 20:54:05 - Forward flow received 3 FIN packets
2026-06-11 20:54:05 - Forward flow received 4 FIN packets
2026-06-11 20:54:05 - Forward flow closed due to FIN Flag
2026-06-11 20:54:05 - Forward flow received 2 FIN packets
2026-06-11 20:54:05 - Forward flow received 3 FIN packets
2026-06-11 20:54:05 - Forward flow closed due to FIN Flag
2026-06-11 20:54:05 - Forward flow received 2 FIN packets
2026-06-11 20:54:05 - Forward flow received 4 FIN packets
2026-06-11 20:54:05 - Forward flow received 3 FIN packets
2026-06-11 20:54:05 - Forward flow received 4 FIN packets
2026-06-11 20:54:05 - Forward flow received 5 FIN packets
2026-06-11 20:54:05 - Forward flow closed due to FIN Flag
2026-06-11 20:54:05 - Forward flow closed due to FIN Flag
2026-06-11 20:54:05 - Forward flow closed due to FIN Flag
2026-06-11 20:54:05 - Forward flow received 2 FIN packets
2026-06-11 20:54:05 - Forward flow closed due to FIN Flag
2026-06-11 20:54:05 - Forward flow closed due to FIN Flag
2026-06-11 20:54:05 - Forward flow closed due to FIN Flag
2026-06-11 20:54:05 - Forward flow received 2 FIN packets
2026-06-11 20:54:05 - Forward flow closed due to FIN Flag
2026-06-11 20:54:05 - Forward flow closed due to FIN Flag
2026-06-11 20:54:05 - Forward flow closed due to FIN Flag
2026-06-11 20:54:05 - Forward flow closed due to FIN Flag
2026-06-11 20:54:05 - Forward flow closed due to FIN Flag
2026-06-11 20:54:05 - Forward flow closed due to FIN Flag
2026-06-11 20:54:05 - Forward flow closed due to FIN Flag
2026-06-11 20:54:05 - Forward flow closed due to FIN Flag
2026-06-11 20:54:05 - Forward flow received 2 FIN packets
2026-06-11 20:54:05 - Forward flow closed due to FIN Flag
2026-06-11 20:54:05 - Forward flow received 2 FIN packets
2026-06-11 20:54:05 - Forward flow closed due to FIN Flag
2026-06-11 20:54:05 - Forward flow closed due to FIN Flag
2026-06-11 20:54:05 - Forward flow closed due to FIN Flag
2026-06-11 20:54:05 - Forward flow closed due to FIN Flag
2026-06-11 20:54:05 - Forward flow received 2 FIN packets
2026-06-11 20:54:05 - Forward flow closed due to FIN Flag
2026-06-11 20:54:05 - Forward flow closed due to FIN Flag
2026-06-11 20:54:05 - Forward flow received 2 FIN packets
2026-06-11 20:54:05 - Forward flow closed due to FIN Flag
2026-06-11 20:54:05 - Forward flow closed due to FIN Flag
2026-06-11 20:54:05 - Forward flow closed due to FIN Flag
2026-06-11 20:54:05 - Forward flow closed due to FIN Flag
2026-06-11 20:54:05 - Forward flow closed due to FIN Flag
2026-06-11 20:54:05 - Forward flow closed due to FIN Flag
2026-06-11 20:54:05 - Forward flow received 2 FIN packets
2026-06-11 20:54:05 - Forward flow closed due to FIN Flag
2026-06-11 20:54:05 - Forward flow closed due to FIN Flag
2026-06-11 20:54:05 - Forward flow closed due to FIN Flag
2026-06-11 20:54:05 - Forward flow closed due to FIN Flag
2026-06-11 20:54:05 - Forward flow closed due to FIN Flag
2026-06-11 20:54:05 - Forward flow closed due to FIN Flag
2026-06-11 20:54:05 - Forward flow received 2 FIN packets
2026-06-11 20:54:05 - Forward flow closed due to FIN Flag
2026-06-11 20:54:05 - Forward flow closed due to FIN Flag
2026-06-11 20:54:05 - Forward flow closed due to FIN Flag
2026-06-11 20:54:05 - Forward flow received 2 FIN packets
2026-06-11 20:54:05 - Forward flow received 2 FIN packets
2026-06-11 20:54:05 - Forward flow received 3 FIN packets
2026-06-11 20:54:05 - Forward flow received 4 FIN packets
2026-06-11 20:54:05 - Forward flow closed due to FIN Flag
2026-06-11 20:54:05 - Forward flow closed due to FIN Flag
2026-06-11 20:54:05 - Forward flow closed due to FIN Flag
2026-06-11 20:54:05 - Forward flow received 2 FIN packets
2026-06-11 20:54:05 - Forward flow closed due to FIN Flag
2026-06-11 20:54:05 - Forward flow closed due to FIN Flag
2026-06-11 20:54:05 - Forward flow closed due to FIN Flag
2026-06-11 20:54:05 - Forward flow closed due to FIN Flag
2026-06-11 20:54:05 - Forward flow closed due to FIN Flag
2026-06-11 20:54:05 - Forward flow closed due to FIN Flag
2026-06-11 20:54:05 - Forward flow received 2 FIN packets
2026-06-11 20:54:05 - Forward flow closed due to FIN Flag
2026-06-11 20:54:05 - Forward flow received 2 FIN packets
2026-06-11 20:54:05 - Forward flow closed due to FIN Flag
2026-06-11 20:54:05 - Forward flow received 2 FIN packets
2026-06-11 20:54:06 - Forward flow closed due to FIN Flag
2026-06-11 20:54:06 - Forward flow closed due to FIN Flag
2026-06-11 20:54:06 - Forward flow closed due to FIN Flag
2026-06-11 20:54:06 - Forward flow closed due to FIN Flag
2026-06-11 20:54:06 - Forward flow received 2 FIN packets
2026-06-11 20:54:06 - Forward flow closed due to FIN Flag
2026-06-11 20:54:06 - Forward flow closed due to FIN Flag
2026-06-11 20:54:06 - Forward flow closed due to FIN Flag
2026-06-11 20:54:06 - Forward flow received 2 FIN packets
2026-06-11 20:54:06 - Forward flow closed due to FIN Flag
2026-06-11 20:54:06 - Forward flow closed due to FIN Flag
2026-06-11 20:54:06 - Forward flow closed due to FIN Flag
2026-06-11 20:54:06 - Forward flow closed due to FIN Flag
2026-06-11 20:54:06 - Forward flow closed due to FIN Flag
2026-06-11 20:54:06 - Forward flow closed due to FIN Flag
2026-06-11 20:54:06 - Forward flow received 2 FIN packets
2026-06-11 20:54:06 - Forward flow closed due to FIN Flag
2026-06-11 20:54:06 - Forward flow received 3 FIN packets
2026-06-11 20:54:06 - Forward flow closed due to FIN Flag
2026-06-11 20:54:06 - Forward flow closed due to FIN Flag
2026-06-11 20:54:06 - Forward flow closed due to FIN Flag
2026-06-11 20:54:06 - Forward flow closed due to FIN Flag
2026-06-11 20:54:06 - Forward flow received 2 FIN packets
2026-06-11 20:54:06 - Forward flow closed due to FIN Flag
2026-06-11 20:54:06 - Forward flow closed due to FIN Flag
2026-06-11 20:54:06 - Forward flow received 2 FIN packets
2026-06-11 20:54:06 - Forward flow received 3 FIN packets
2026-06-11 20:54:06 - Forward flow received 3 FIN packets
2026-06-11 20:54:06 - Forward flow closed due to FIN Flag
2026-06-11 20:54:06 - Forward flow received 4 FIN packets
2026-06-11 20:54:06 - Forward flow closed due to FIN Flag
2026-06-11 20:54:06 - Forward flow closed due to FIN Flag
2026-06-11 20:54:06 - Forward flow closed due to FIN Flag
2026-06-11 20:54:06 - Forward flow closed due to FIN Flag
2026-06-11 20:54:06 - Forward flow closed due to FIN Flag
2026-06-11 20:54:06 - Forward flow closed due to FIN Flag
2026-06-11 20:54:06 - Forward flow received 2 FIN packets
2026-06-11 20:54:06 - Forward flow closed due to FIN Flag
2026-06-11 20:54:06 - Forward flow closed due to FIN Flag
2026-06-11 20:54:06 - Forward flow closed due to FIN Flag
2026-06-11 20:54:06 - Forward flow closed due to FIN Flag
2026-06-11 20:54:06 - Forward flow closed due to FIN Flag
2026-06-11 20:54:06 - Forward flow closed due to FIN Flag
2026-06-11 20:54:06 - Forward flow closed due to FIN Flag
2026-06-11 20:54:06 - Forward flow received 2 FIN packets
2026-06-11 20:54:06 - Forward flow closed due to FIN Flag
2026-06-11 20:54:06 - Forward flow closed due to FIN Flag
2026-06-11 20:54:06 - Forward flow received 3 FIN packets
2026-06-11 20:54:06 - Forward flow closed due to FIN Flag
2026-06-11 20:54:06 - Forward flow closed due to FIN Flag
2026-06-11 20:54:06 - Forward flow closed due to FIN Flag
2026-06-11 20:54:06 - Forward flow received 2 FIN packets
2026-06-11 20:54:06 - Forward flow received 2 FIN packets
2026-06-11 20:54:06 - Forward flow received 4 FIN packets
2026-06-11 20:54:06 - Forward flow closed due to FIN Flag
2026-06-11 20:54:06 - Forward flow closed due to FIN Flag
2026-06-11 20:54:06 - Forward flow received 2 FIN packets
2026-06-11 20:54:06 - Forward flow received 5 FIN packets
2026-06-11 20:54:06 - Forward flow closed due to FIN Flag
2026-06-11 20:54:06 - Forward flow closed due to FIN Flag
2026-06-11 20:54:06 - Forward flow closed due to FIN Flag
2026-06-11 20:54:06 - Forward flow closed due to FIN Flag
2026-06-11 20:54:06 - Forward flow closed due to FIN Flag
2026-06-11 20:54:06 - Forward flow closed due to FIN Flag
2026-06-11 20:54:06 - Forward flow closed due to FIN Flag
2026-06-11 20:54:06 - Forward flow closed due to FIN Flag
2026-06-11 20:54:06 - Forward flow closed due to FIN Flag
2026-06-11 20:54:06 - Forward flow closed due to FIN Flag
2026-06-11 20:54:06 - Forward flow closed due to FIN Flag
2026-06-11 20:54:06 - Forward flow closed due to FIN Flag
2026-06-11 20:54:06 - Forward flow closed due to FIN Flag
2026-06-11 20:54:06 - Forward flow closed due to FIN Flag
2026-06-11 20:54:06 - Forward flow received 2 FIN packets
2026-06-11 20:54:06 - Forward flow closed due to FIN Flag
2026-06-11 20:54:06 - Forward flow received 2 FIN packets
2026-06-11 20:54:06 - Forward flow closed due to FIN Flag
2026-06-11 20:54:06 - Forward flow closed due to FIN Flag
2026-06-11 20:54:06 - Forward flow closed due to FIN Flag
2026-06-11 20:54:06 - Forward flow closed due to FIN Flag
2026-06-11 20:54:06 - Forward flow closed due to FIN Flag
2026-06-11 20:54:06 - Forward flow received 2 FIN packets
2026-06-11 20:54:06 - Forward flow closed due to FIN Flag
2026-06-11 20:54:06 - Forward flow closed due to FIN Flag
2026-06-11 20:54:06 - Forward flow received 3 FIN packets
2026-06-11 20:54:06 - Forward flow received 2 FIN packets
2026-06-11 20:54:06 - Forward flow closed due to FIN Flag
2026-06-11 20:54:06 - Forward flow closed due to FIN Flag
2026-06-11 20:54:06 - Forward flow closed due to FIN Flag
2026-06-11 20:54:06 - Forward flow received 3 FIN packets
2026-06-11 20:54:06 - Forward flow received 2 FIN packets
2026-06-11 20:54:06 - Forward flow closed due to FIN Flag
2026-06-11 20:54:06 - Forward flow received 2 FIN packets
2026-06-11 20:54:06 - Forward flow received 2 FIN packets
2026-06-11 20:54:06 - Forward flow received 3 FIN packets
2026-06-11 20:54:06 - Forward flow closed due to FIN Flag
2026-06-11 20:54:06 - Forward flow received 3 FIN packets
2026-06-11 20:54:06 - Forward flow received 4 FIN packets
2026-06-11 20:54:06 - Forward flow closed due to FIN Flag
2026-06-11 20:54:06 - Forward flow closed due to FIN Flag
2026-06-11 20:54:06 - Forward flow received 4 FIN packets
2026-06-11 20:54:06 - Forward flow closed due to FIN Flag
2026-06-11 20:54:06 - Forward flow received 2 FIN packets
2026-06-11 20:54:06 - Forward flow closed due to FIN Flag
2026-06-11 20:54:06 - Forward flow closed due to FIN Flag
2026-06-11 20:54:06 - Forward flow closed due to FIN Flag
2026-06-11 20:54:06 - Forward flow received 2 FIN packets
2026-06-11 20:54:06 - Forward flow received 2 FIN packets
2026-06-11 20:54:06 - Forward flow received 2 FIN packets
2026-06-11 20:54:06 - Forward flow received 3 FIN packets
2026-06-11 20:54:06 - Forward flow received 3 FIN packets
2026-06-11 20:54:06 - Forward flow closed due to FIN Flag
2026-06-11 20:54:06 - Forward flow closed due to FIN Flag
2026-06-11 20:54:06 - Forward flow closed due to FIN Flag
2026-06-11 20:54:06 - Forward flow received 2 FIN packets
2026-06-11 20:54:06 - Forward flow received 3 FIN packets
2026-06-11 20:54:06 - Forward flow closed due to FIN Flag
2026-06-11 20:54:06 - Forward flow closed due to FIN Flag
2026-06-11 20:54:06 - Forward flow closed due to FIN Flag
2026-06-11 20:54:06 - Forward flow received 2 FIN packets
2026-06-11 20:54:06 - Forward flow received 4 FIN packets
2026-06-11 20:54:06 - Forward flow closed due to FIN Flag
2026-06-11 20:54:06 - Forward flow closed due to FIN Flag
2026-06-11 20:54:06 - Forward flow received 2 FIN packets
2026-06-11 20:54:06 - Forward flow received 3 FIN packets
2026-06-11 20:54:06 - Forward flow received 3 FIN packets
2026-06-11 20:54:06 - Forward flow closed due to FIN Flag
2026-06-11 20:54:06 - Forward flow closed due to FIN Flag
2026-06-11 20:54:06 - Forward flow received 4 FIN packets
2026-06-11 20:54:06 - Forward flow received 2 FIN packets
2026-06-11 20:54:06 - Forward flow received 4 FIN packets
2026-06-11 20:54:06 - Forward flow closed due to FIN Flag
2026-06-11 20:54:06 - Forward flow received 3 FIN packets
2026-06-11 20:54:06 - Forward flow closed due to FIN Flag
2026-06-11 20:54:06 - Forward flow closed due to FIN Flag
2026-06-11 20:54:06 - Forward flow received 5 FIN packets
2026-06-11 20:54:06 - Forward flow closed due to FIN Flag
2026-06-11 20:54:06 - Forward flow received 5 FIN packets
2026-06-11 20:54:06 - Forward flow received 2 FIN packets
2026-06-11 20:54:06 - Forward flow closed due to FIN Flag
2026-06-11 20:54:06 - Forward flow received 3 FIN packets
2026-06-11 20:54:06 - Forward flow closed due to FIN Flag
2026-06-11 20:54:06 - Forward flow closed due to FIN Flag
2026-06-11 20:54:06 - Forward flow received 2 FIN packets
2026-06-11 20:54:06 - Forward flow received 4 FIN packets
2026-06-11 20:54:06 - Forward flow received 3 FIN packets
2026-06-11 20:54:06 - Forward flow closed due to FIN Flag
2026-06-11 20:54:06 - Forward flow closed due to FIN Flag
2026-06-11 20:54:06 - Forward flow received 2 FIN packets
2026-06-11 20:54:06 - Forward flow received 2 FIN packets
2026-06-11 20:54:06 - Forward flow received 3 FIN packets
2026-06-11 20:54:06 - Forward flow closed due to FIN Flag
2026-06-11 20:54:06 - Forward flow received 4 FIN packets
2026-06-11 20:54:06 - Forward flow received 3 FIN packets
2026-06-11 20:54:06 - Forward flow received 5 FIN packets
2026-06-11 20:54:06 - Forward flow received 4 FIN packets
2026-06-11 20:54:06 - Forward flow closed due to FIN Flag
2026-06-11 20:54:06 - Forward flow closed due to FIN Flag
2026-06-11 20:54:06 - Forward flow received 5 FIN packets
2026-06-11 20:54:06 - Forward flow closed due to FIN Flag
2026-06-11 20:54:06 - Forward flow closed due to FIN Flag
2026-06-11 20:54:06 - Forward flow closed due to FIN Flag
2026-06-11 20:54:06 - Forward flow closed due to FIN Flag
2026-06-11 20:54:06 - Forward flow received 2 FIN packets
2026-06-11 20:54:06 - Forward flow closed due to FIN Flag
2026-06-11 20:54:06 - Forward flow received 3 FIN packets
2026-06-11 20:54:06 - Forward flow closed due to FIN Flag
2026-06-11 20:54:06 - Forward flow received 2 FIN packets
2026-06-11 20:54:06 - Forward flow closed due to FIN Flag
2026-06-11 20:54:06 - Forward flow closed due to FIN Flag
2026-06-11 20:54:06 - Forward flow received 3 FIN packets
2026-06-11 20:54:06 - Forward flow received 6 FIN packets
2026-06-11 20:54:06 - Forward flow received 2 FIN packets
2026-06-11 20:54:06 - Forward flow closed due to FIN Flag
2026-06-11 20:54:06 - Forward flow closed due to FIN Flag
2026-06-11 20:54:06 - Forward flow received 3 FIN packets
2026-06-11 20:54:06 - Forward flow received 2 FIN packets
2026-06-11 20:54:06 - Forward flow received 2 FIN packets
2026-06-11 20:54:06 - Forward flow closed due to FIN Flag
2026-06-11 20:54:06 - Forward flow received 3 FIN packets
2026-06-11 20:54:06 - Forward flow closed due to FIN Flag
2026-06-11 20:54:06 - Forward flow received 3 FIN packets
2026-06-11 20:54:06 - Forward flow received 2 FIN packets
2026-06-11 20:54:06 - Forward flow closed due to FIN Flag
2026-06-11 20:54:06 - Forward flow closed due to FIN Flag
2026-06-11 20:54:06 - Forward flow received 2 FIN packets
2026-06-11 20:54:06 - Forward flow closed due to FIN Flag
2026-06-11 20:54:06 - Forward flow received 2 FIN packets
2026-06-11 20:54:06 - Forward flow received 3 FIN packets
2026-06-11 20:54:06 - Forward flow closed due to FIN Flag
2026-06-11 20:54:06 - Forward flow received 2 FIN packets
2026-06-11 20:54:06 - Forward flow closed due to FIN Flag
2026-06-11 20:54:06 - Forward flow received 3 FIN packets
2026-06-11 20:54:06 - Forward flow closed due to FIN Flag
2026-06-11 20:54:06 - Forward flow closed due to FIN Flag
2026-06-11 20:54:06 - Forward flow received 3 FIN packets
2026-06-11 20:54:06 - Forward flow closed due to FIN Flag
2026-06-11 20:54:06 - Forward flow received 2 FIN packets
2026-06-11 20:54:06 - Forward flow closed due to FIN Flag
2026-06-11 20:54:06 - Forward flow received 2 FIN packets
2026-06-11 20:54:06 - Forward flow received 2 FIN packets
2026-06-11 20:54:06 - Forward flow closed due to FIN Flag
2026-06-11 20:54:06 - Forward flow received 2 FIN packets
2026-06-11 20:54:06 - Forward flow received 3 FIN packets
2026-06-11 20:54:06 - Forward flow received 2 FIN packets
2026-06-11 20:54:06 - Forward flow received 3 FIN packets
2026-06-11 20:54:06 - Forward flow received 3 FIN packets
2026-06-11 20:54:06 - Forward flow closed due to FIN Flag
2026-06-11 20:54:06 - Forward flow closed due to FIN Flag
2026-06-11 20:54:06 - Forward flow received 2 FIN packets
2026-06-11 20:54:06 - Forward flow received 2 FIN packets
2026-06-11 20:54:06 - Forward flow received 4 FIN packets
2026-06-11 20:54:06 - Forward flow received 3 FIN packets
2026-06-11 20:54:06 - Forward flow closed due to FIN Flag
2026-06-11 20:54:06 - Forward flow closed due to FIN Flag
2026-06-11 20:54:06 - Forward flow received 3 FIN packets
2026-06-11 20:54:06 - Forward flow closed due to FIN Flag
2026-06-11 20:54:06 - Forward flow closed due to FIN Flag
2026-06-11 20:54:06 - Forward flow received 4 FIN packets
2026-06-11 20:54:06 - Forward flow received 4 FIN packets
2026-06-11 20:54:06 - Forward flow received 2 FIN packets
2026-06-11 20:54:06 - Forward flow closed due to FIN Flag
2026-06-11 20:54:06 - Forward flow received 3 FIN packets
2026-06-11 20:54:06 - Forward flow received 2 FIN packets
2026-06-11 20:54:06 - Forward flow closed due to FIN Flag
2026-06-11 20:54:06 - Forward flow closed due to FIN Flag
2026-06-11 20:54:06 - Forward flow received 3 FIN packets
2026-06-11 20:54:06 - Forward flow received 2 FIN packets
2026-06-11 20:54:06 - Forward flow closed due to FIN Flag
2026-06-11 20:54:06 - Forward flow received 3 FIN packets
2026-06-11 20:54:06 - Forward flow closed due to FIN Flag
2026-06-11 20:54:06 - Forward flow received 4 FIN packets
2026-06-11 20:54:06 - Forward flow closed due to FIN Flag
2026-06-11 20:54:06 - Forward flow closed due to FIN Flag
2026-06-11 20:54:06 - Forward flow received 2 FIN packets
2026-06-11 20:54:06 - Forward flow closed due to FIN Flag
2026-06-11 20:54:06 - Forward flow received 3 FIN packets
2026-06-11 20:54:06 - Forward flow closed due to FIN Flag
2026-06-11 20:54:06 - Forward flow received 2 FIN packets
2026-06-11 20:54:06 - Forward flow received 2 FIN packets
2026-06-11 20:54:06 - Forward flow closed due to FIN Flag
2026-06-11 20:54:06 - Forward flow received 3 FIN packets
2026-06-11 20:54:06 - Forward flow received 3 FIN packets
2026-06-11 20:54:06 - Forward flow received 4 FIN packets
2026-06-11 20:54:06 - Forward flow closed due to FIN Flag
2026-06-11 20:54:06 - Forward flow received 2 FIN packets
2026-06-11 20:54:06 - Forward flow closed due to FIN Flag
2026-06-11 20:54:06 - Forward flow received 3 FIN packets
2026-06-11 20:54:06 - Forward flow received 4 FIN packets
2026-06-11 20:54:06 - Forward flow closed due to FIN Flag
2026-06-11 20:54:06 - Forward flow received 2 FIN packets
2026-06-11 20:54:06 - Forward flow received 4 FIN packets
2026-06-11 20:54:06 - Forward flow received 2 FIN packets
2026-06-11 20:54:06 - Forward flow closed due to FIN Flag
2026-06-11 20:54:06 - Forward flow received 3 FIN packets
2026-06-11 20:54:06 - Forward flow closed due to FIN Flag
2026-06-11 20:54:06 - Forward flow received 3 FIN packets
2026-06-11 20:54:06 - Forward flow received 4 FIN packets
2026-06-11 20:54:06 - Forward flow received 2 FIN packets
2026-06-11 20:54:06 - Forward flow closed due to FIN Flag
2026-06-11 20:54:06 - Forward flow received 3 FIN packets
2026-06-11 20:54:06 - Forward flow closed due to FIN Flag
2026-06-11 20:54:06 - Forward flow received 4 FIN packets
2026-06-11 20:54:06 - Forward flow closed due to FIN Flag
2026-06-11 20:54:06 - Forward flow received 4 FIN packets
2026-06-11 20:54:06 - Forward flow received 2 FIN packets
2026-06-11 20:54:06 - Forward flow received 2 FIN packets
2026-06-11 20:54:06 - Forward flow closed due to FIN Flag
2026-06-11 20:54:06 - Forward flow received 3 FIN packets
2026-06-11 20:54:06 - Forward flow closed due to FIN Flag
2026-06-11 20:54:06 - Forward flow received 3 FIN packets
2026-06-11 20:54:06 - Forward flow closed due to FIN Flag
2026-06-11 20:54:06 - Forward flow closed due to FIN Flag
2026-06-11 20:54:06 - Forward flow closed due to FIN Flag
2026-06-11 20:54:06 - Forward flow received 2 FIN packets
2026-06-11 20:54:06 - Forward flow received 5 FIN packets
2026-06-11 20:54:06 - Forward flow received 3 FIN packets
2026-06-11 20:54:06 - Forward flow received 2 FIN packets
2026-06-11 20:54:06 - Forward flow closed due to FIN Flag
2026-06-11 20:54:06 - Forward flow closed due to FIN Flag
2026-06-11 20:54:06 - Forward flow received 3 FIN packets
2026-06-11 20:54:06 - Forward flow closed due to FIN Flag
2026-06-11 20:54:06 - Forward flow closed due to FIN Flag
2026-06-11 20:54:06 - Forward flow received 4 FIN packets
2026-06-11 20:54:06 - Forward flow received 2 FIN packets
2026-06-11 20:54:06 - Forward flow received 2 FIN packets
2026-06-11 20:54:06 - Forward flow closed due to FIN Flag
2026-06-11 20:54:06 - Forward flow received 3 FIN packets
2026-06-11 20:54:06 - Forward flow received 4 FIN packets
2026-06-11 20:54:06 - Forward flow closed due to FIN Flag
2026-06-11 20:54:06 - Forward flow received 4 FIN packets
2026-06-11 20:54:06 - Forward flow closed due to FIN Flag
2026-06-11 20:54:06 - Forward flow closed due to FIN Flag
2026-06-11 20:54:06 - Forward flow received 5 FIN packets
2026-06-11 20:54:06 - Forward flow received 2 FIN packets
2026-06-11 20:54:06 - Forward flow received 3 FIN packets
2026-06-11 20:54:06 - Forward flow closed due to FIN Flag
2026-06-11 20:54:06 - Forward flow closed due to FIN Flag
2026-06-11 20:54:06 - Forward flow closed due to FIN Flag
2026-06-11 20:54:06 - Forward flow received 2 FIN packets
2026-06-11 20:54:06 - Forward flow received 5 FIN packets
2026-06-11 20:54:06 - Forward flow received 4 FIN packets
2026-06-11 20:54:06 - Forward flow received 2 FIN packets
2026-06-11 20:54:06 - Forward flow received 3 FIN packets
2026-06-11 20:54:06 - Forward flow received 2 FIN packets
2026-06-11 20:54:06 - Forward flow closed due to FIN Flag
2026-06-11 20:54:06 - Forward flow received 3 FIN packets
2026-06-11 20:54:06 - Forward flow closed due to FIN Flag
2026-06-11 20:54:06 - Forward flow closed due to FIN Flag
2026-06-11 20:54:06 - Forward flow received 3 FIN packets
2026-06-11 20:54:06 - Forward flow received 4 FIN packets
2026-06-11 20:54:06 - Forward flow closed due to FIN Flag
2026-06-11 20:54:06 - Forward flow closed due to FIN Flag
2026-06-11 20:54:06 - Forward flow received 2 FIN packets
2026-06-11 20:54:06 - Forward flow closed due to FIN Flag
2026-06-11 20:54:06 - Forward flow received 3 FIN packets
2026-06-11 20:54:06 - Forward flow closed due to FIN Flag
2026-06-11 20:54:06 - Forward flow received 5 FIN packets
2026-06-11 20:54:06 - Forward flow closed due to FIN Flag
2026-06-11 20:54:06 - Forward flow received 2 FIN packets
2026-06-11 20:54:06 - Forward flow closed due to FIN Flag
2026-06-11 20:54:06 - Forward flow closed due to FIN Flag
2026-06-11 20:54:06 - Forward flow received 3 FIN packets
2026-06-11 20:54:06 - Forward flow received 2 FIN packets
2026-06-11 20:54:06 - Forward flow closed due to FIN Flag
2026-06-11 20:54:06 - Forward flow closed due to FIN Flag
2026-06-11 20:54:06 - Forward flow received 4 FIN packets
2026-06-11 20:54:06 - Forward flow received 2 FIN packets
2026-06-11 20:54:06 - Forward flow closed due to FIN Flag
2026-06-11 20:54:06 - Forward flow closed due to FIN Flag
2026-06-11 20:54:06 - Forward flow received 3 FIN packets
2026-06-11 20:54:06 - Forward flow closed due to FIN Flag
2026-06-11 20:54:06 - Forward flow received 2 FIN packets
2026-06-11 20:54:06 - Forward flow closed due to FIN Flag
2026-06-11 20:54:06 - Forward flow received 2 FIN packets
2026-06-11 20:54:06 - Forward flow received 4 FIN packets
2026-06-11 20:54:06 - Forward flow closed due to FIN Flag
2026-06-11 20:54:06 - Forward flow received 2 FIN packets
2026-06-11 20:54:06 - Forward flow received 3 FIN packets
2026-06-11 20:54:06 - Forward flow closed due to FIN Flag
2026-06-11 20:54:06 - Forward flow received 3 FIN packets
2026-06-11 20:54:06 - Forward flow received 5 FIN packets
2026-06-11 20:54:06 - Forward flow closed due to FIN Flag
2026-06-11 20:54:06 - Forward flow received 3 FIN packets
2026-06-11 20:54:06 - Forward flow closed due to FIN Flag
2026-06-11 20:54:06 - Forward flow received 4 FIN packets
2026-06-11 20:54:06 - Forward flow received 2 FIN packets
2026-06-11 20:54:06 - Forward flow closed due to FIN Flag
2026-06-11 20:54:06 - Forward flow closed due to FIN Flag
2026-06-11 20:54:06 - Forward flow received 3 FIN packets
2026-06-11 20:54:06 - Forward flow received 2 FIN packets
2026-06-11 20:54:06 - Forward flow received 2 FIN packets
2026-06-11 20:54:06 - Forward flow received 3 FIN packets
2026-06-11 20:54:06 - Forward flow closed due to FIN Flag
2026-06-11 20:54:06 - Forward flow received 4 FIN packets
2026-06-11 20:54:06 - Forward flow closed due to FIN Flag
2026-06-11 20:54:06 - Forward flow received 4 FIN packets
2026-06-11 20:54:06 - Forward flow closed due to FIN Flag
2026-06-11 20:54:06 - Forward flow closed due to FIN Flag
2026-06-11 20:54:06 - Forward flow closed due to FIN Flag
2026-06-11 20:54:06 - Forward flow received 2 FIN packets
2026-06-11 20:54:06 - Forward flow closed due to FIN Flag
2026-06-11 20:54:06 - Forward flow closed due to FIN Flag
2026-06-11 20:54:06 - Forward flow received 3 FIN packets
2026-06-11 20:54:06 - Forward flow received 2 FIN packets
2026-06-11 20:54:06 - Forward flow received 2 FIN packets
2026-06-11 20:54:06 - Forward flow received 3 FIN packets
2026-06-11 20:54:06 - Forward flow closed due to FIN Flag
2026-06-11 20:54:06 - Forward flow closed due to FIN Flag
2026-06-11 20:54:06 - Forward flow received 3 FIN packets
2026-06-11 20:54:06 - Forward flow received 2 FIN packets
2026-06-11 20:54:06 - Forward flow closed due to FIN Flag
2026-06-11 20:54:06 - Forward flow received 2 FIN packets
2026-06-11 20:54:06 - Forward flow received 3 FIN packets
2026-06-11 20:54:06 - Forward flow received 3 FIN packets
2026-06-11 20:54:06 - Forward flow closed due to FIN Flag
2026-06-11 20:54:06 - Forward flow closed due to FIN Flag
2026-06-11 20:54:06 - Forward flow closed due to FIN Flag
2026-06-11 20:54:06 - Forward flow closed due to FIN Flag
2026-06-11 20:54:06 - Forward flow received 4 FIN packets
2026-06-11 20:54:06 - Forward flow received 2 FIN packets
2026-06-11 20:54:06 - Forward flow closed due to FIN Flag
2026-06-11 20:54:06 - Forward flow received 3 FIN packets
2026-06-11 20:54:06 - Forward flow closed due to FIN Flag
2026-06-11 20:54:06 - Forward flow received 2 FIN packets
2026-06-11 20:54:06 - Forward flow closed due to FIN Flag
2026-06-11 20:54:06 - Forward flow closed due to FIN Flag
2026-06-11 20:54:06 - Forward flow received 3 FIN packets
2026-06-11 20:54:06 - Forward flow closed due to FIN Flag
2026-06-11 20:54:06 - Forward flow received 2 FIN packets
2026-06-11 20:54:06 - Forward flow closed due to FIN Flag
2026-06-11 20:54:06 - Forward flow received 2 FIN packets
2026-06-11 20:54:06 - Forward flow received 3 FIN packets
2026-06-11 20:54:06 - Forward flow closed due to FIN Flag
2026-06-11 20:54:06 - Forward flow received 2 FIN packets
2026-06-11 20:54:06 - Forward flow received 3 FIN packets
2026-06-11 20:54:06 - Forward flow received 2 FIN packets
2026-06-11 20:54:06 - Forward flow received 3 FIN packets
2026-06-11 20:54:06 - Forward flow closed due to FIN Flag
2026-06-11 20:54:06 - Forward flow received 3 FIN packets
2026-06-11 20:54:06 - Forward flow closed due to FIN Flag
2026-06-11 20:54:06 - Forward flow received 4 FIN packets
2026-06-11 20:54:06 - Forward flow closed due to FIN Flag
2026-06-11 20:54:06 - Forward flow received 4 FIN packets
2026-06-11 20:54:06 - Forward flow closed due to FIN Flag
2026-06-11 20:54:06 - Forward flow received 2 FIN packets
2026-06-11 20:54:06 - Forward flow closed due to FIN Flag
2026-06-11 20:54:06 - Forward flow received 3 FIN packets
2026-06-11 20:54:06 - Forward flow closed due to FIN Flag
2026-06-11 20:54:06 - Forward flow closed due to FIN Flag
2026-06-11 20:54:06 - Forward flow closed due to FIN Flag
2026-06-11 20:54:06 - Forward flow closed due to FIN Flag
2026-06-11 20:54:06 - Forward flow received 2 FIN packets
2026-06-11 20:54:06 - Forward flow received 2 FIN packets
2026-06-11 20:54:06 - Forward flow received 4 FIN packets
2026-06-11 20:54:06 - Forward flow closed due to FIN Flag
2026-06-11 20:54:06 - Forward flow received 3 FIN packets
2026-06-11 20:54:06 - Forward flow received 3 FIN packets
2026-06-11 20:54:06 - Forward flow closed due to FIN Flag
2026-06-11 20:54:06 - Forward flow closed due to FIN Flag
2026-06-11 20:54:06 - Forward flow received 4 FIN packets
2026-06-11 20:54:06 - Forward flow closed due to FIN Flag
2026-06-11 20:54:06 - Forward flow received 2 FIN packets
2026-06-11 20:54:06 - Forward flow received 4 FIN packets
2026-06-11 20:54:06 - Forward flow closed due to FIN Flag
2026-06-11 20:54:06 - Forward flow received 3 FIN packets
2026-06-11 20:54:06 - Forward flow closed due to FIN Flag
2026-06-11 20:54:06 - Forward flow closed due to FIN Flag
2026-06-11 20:54:06 - Forward flow closed due to FIN Flag
2026-06-11 20:54:06 - Forward flow received 2 FIN packets
2026-06-11 20:54:06 - Forward flow closed due to FIN Flag
2026-06-11 20:54:06 - Forward flow received 3 FIN packets
2026-06-11 20:54:06 - Forward flow closed due to FIN Flag
2026-06-11 20:54:06 - Forward flow closed due to FIN Flag
2026-06-11 20:54:06 - Forward flow closed due to FIN Flag
2026-06-11 20:54:06 - Forward flow closed due to FIN Flag
2026-06-11 20:54:06 - Forward flow received 2 FIN packets
2026-06-11 20:54:06 - Forward flow closed due to FIN Flag
2026-06-11 20:54:06 - Forward flow received 2 FIN packets
2026-06-11 20:54:06 - Forward flow received 3 FIN packets
2026-06-11 20:54:06 - Forward flow closed due to FIN Flag
2026-06-11 20:54:06 - Forward flow received 3 FIN packets
2026-06-11 20:54:06 - Forward flow closed due to FIN Flag
2026-06-11 20:54:06 - Forward flow received 4 FIN packets
2026-06-11 20:54:06 - Forward flow closed due to FIN Flag
2026-06-11 20:54:06 - Forward flow closed due to FIN Flag
2026-06-11 20:54:06 - Forward flow closed due to FIN Flag
2026-06-11 20:54:06 - Forward flow closed due to FIN Flag
2026-06-11 20:54:06 - Forward flow closed due to FIN Flag
2026-06-11 20:54:06 - Forward flow received 2 FIN packets
2026-06-11 20:54:06 - Forward flow closed due to FIN Flag
2026-06-11 20:54:06 - Forward flow closed due to FIN Flag
2026-06-11 20:54:06 - Forward flow received 5 FIN packets
2026-06-11 20:54:06 - Forward flow closed due to FIN Flag
2026-06-11 20:54:06 - Forward flow received 3 FIN packets
2026-06-11 20:54:06 - Forward flow received 2 FIN packets
2026-06-11 20:54:06 - Forward flow closed due to FIN Flag
2026-06-11 20:54:06 - Forward flow closed due to FIN Flag
2026-06-11 20:54:06 - Forward flow received 3 FIN packets
2026-06-11 20:54:06 - Forward flow closed due to FIN Flag
2026-06-11 20:54:06 - Forward flow received 2 FIN packets
2026-06-11 20:54:06 - Forward flow received 2 FIN packets
2026-06-11 20:54:06 - Forward flow received 3 FIN packets
2026-06-11 20:54:06 - Forward flow closed due to FIN Flag
2026-06-11 20:54:06 - Forward flow received 3 FIN packets
2026-06-11 20:54:06 - Forward flow closed due to FIN Flag
2026-06-11 20:54:06 - Forward flow received 4 FIN packets
2026-06-11 20:54:06 - Forward flow closed due to FIN Flag
2026-06-11 20:54:06 - Forward flow received 2 FIN packets
2026-06-11 20:54:06 - Forward flow closed due to FIN Flag
2026-06-11 20:54:06 - Forward flow received 3 FIN packets
2026-06-11 20:54:06 - Forward flow received 5 FIN packets
2026-06-11 20:54:06 - Forward flow closed due to FIN Flag
2026-06-11 20:54:06 - Forward flow closed due to FIN Flag
2026-06-11 20:54:06 - Forward flow received 2 FIN packets
2026-06-11 20:54:06 - Forward flow closed due to FIN Flag
2026-06-11 20:54:06 - Forward flow received 2 FIN packets
2026-06-11 20:54:06 - Forward flow received 3 FIN packets
2026-06-11 20:54:06 - Forward flow closed due to FIN Flag
2026-06-11 20:54:06 - Forward flow received 3 FIN packets
2026-06-11 20:54:06 - Forward flow closed due to FIN Flag
2026-06-11 20:54:06 - Forward flow closed due to FIN Flag
2026-06-11 20:54:06 - Forward flow received 4 FIN packets
2026-06-11 20:54:06 - Forward flow closed due to FIN Flag
2026-06-11 20:54:06 - Forward flow closed due to FIN Flag
2026-06-11 20:54:06 - Forward flow closed due to FIN Flag
2026-06-11 20:54:06 - Forward flow closed due to FIN Flag
2026-06-11 20:54:06 - Forward flow received 2 FIN packets
2026-06-11 20:54:06 - Forward flow received 3 FIN packets
2026-06-11 20:54:06 - Forward flow closed due to FIN Flag
2026-06-11 20:54:06 - Forward flow received 5 FIN packets
2026-06-11 20:54:06 - Forward flow closed due to FIN Flag
2026-06-11 20:54:06 - Forward flow received 4 FIN packets
2026-06-11 20:54:06 - Forward flow closed due to FIN Flag
2026-06-11 20:54:06 - Forward flow closed due to FIN Flag
2026-06-11 20:54:06 - Forward flow received 2 FIN packets
2026-06-11 20:54:06 - Forward flow closed due to FIN Flag
2026-06-11 20:54:06 - Forward flow closed due to FIN Flag
2026-06-11 20:54:06 - Forward flow received 5 FIN packets
2026-06-11 20:54:06 - Forward flow closed due to FIN Flag
2026-06-11 20:54:06 - Forward flow received 2 FIN packets
2026-06-11 20:54:06 - Forward flow closed due to FIN Flag
2026-06-11 20:54:06 - Forward flow closed due to FIN Flag
2026-06-11 20:54:06 - Forward flow closed due to FIN Flag
2026-06-11 20:54:06 - Forward flow closed due to FIN Flag
2026-06-11 20:54:06 - Forward flow closed due to FIN Flag
2026-06-11 20:54:06 - Forward flow closed due to FIN Flag
2026-06-11 20:54:06 - Forward flow closed due to FIN Flag
2026-06-11 20:54:06 - Forward flow received 2 FIN packets
2026-06-11 20:54:06 - Forward flow closed due to FIN Flag
2026-06-11 20:54:06 - Forward flow received 2 FIN packets
2026-06-11 20:54:06 - Forward flow received 2 FIN packets
2026-06-11 20:54:06 - Forward flow received 3 FIN packets
2026-06-11 20:54:06 - Forward flow received 3 FIN packets
2026-06-11 20:54:06 - Forward flow received 4 FIN packets
2026-06-11 20:54:06 - Forward flow closed due to FIN Flag
2026-06-11 20:54:06 - Forward flow received 4 FIN packets
2026-06-11 20:54:06 - Forward flow closed due to FIN Flag
2026-06-11 20:54:06 - Forward flow received 2 FIN packets
2026-06-11 20:54:06 - Forward flow closed due to FIN Flag
2026-06-11 20:54:06 - Forward flow received 3 FIN packets
2026-06-11 20:54:06 - Forward flow received 2 FIN packets
2026-06-11 20:54:06 - Forward flow closed due to FIN Flag
2026-06-11 20:54:06 - Forward flow closed due to FIN Flag
2026-06-11 20:54:06 - Forward flow received 3 FIN packets
2026-06-11 20:54:06 - Forward flow received 2 FIN packets
2026-06-11 20:54:06 - Forward flow closed due to FIN Flag
2026-06-11 20:54:06 - Forward flow received 2 FIN packets
2026-06-11 20:54:06 - Forward flow received 3 FIN packets
2026-06-11 20:54:06 - Forward flow received 4 FIN packets
2026-06-11 20:54:06 - Forward flow closed due to FIN Flag
2026-06-11 20:54:06 - Forward flow received 2 FIN packets
2026-06-11 20:54:06 - Forward flow received 3 FIN packets
2026-06-11 20:54:06 - Forward flow received 2 FIN packets
2026-06-11 20:54:06 - Forward flow closed due to FIN Flag
2026-06-11 20:54:06 - Forward flow received 3 FIN packets
2026-06-11 20:54:06 - Forward flow received 4 FIN packets
2026-06-11 20:54:06 - Forward flow closed due to FIN Flag
2026-06-11 20:54:06 - Forward flow closed due to FIN Flag
2026-06-11 20:54:06 - Forward flow received 4 FIN packets
2026-06-11 20:54:06 - Forward flow closed due to FIN Flag
2026-06-11 20:54:06 - Forward flow closed due to FIN Flag
2026-06-11 20:54:06 - Forward flow received 2 FIN packets
2026-06-11 20:54:06 - Forward flow received 2 FIN packets
2026-06-11 20:54:06 - Forward flow received 3 FIN packets
2026-06-11 20:54:06 - Forward flow received 3 FIN packets
2026-06-11 20:54:06 - Forward flow closed due to FIN Flag
2026-06-11 20:54:06 - Forward flow closed due to FIN Flag
2026-06-11 20:54:06 - Forward flow received 2 FIN packets
2026-06-11 20:54:06 - Forward flow received 2 FIN packets
2026-06-11 20:54:06 - Forward flow received 4 FIN packets
2026-06-11 20:54:06 - Forward flow closed due to FIN Flag
2026-06-11 20:54:06 - Forward flow received 3 FIN packets
2026-06-11 20:54:06 - Forward flow received 3 FIN packets
2026-06-11 20:54:06 - Forward flow closed due to FIN Flag
2026-06-11 20:54:06 - Forward flow closed due to FIN Flag
2026-06-11 20:54:06 - Forward flow received 2 FIN packets
2026-06-11 20:54:06 - Forward flow received 4 FIN packets
2026-06-11 20:54:06 - Forward flow closed due to FIN Flag
2026-06-11 20:54:06 - Forward flow closed due to FIN Flag
2026-06-11 20:54:06 - Forward flow closed due to FIN Flag
2026-06-11 20:54:06 - Forward flow closed due to FIN Flag
2026-06-11 20:54:06 - Forward flow received 2 FIN packets
2026-06-11 20:54:06 - Forward flow received 3 FIN packets
2026-06-11 20:54:06 - Forward flow closed due to FIN Flag
2026-06-11 20:54:06 - Forward flow closed due to FIN Flag
2026-06-11 20:54:06 - Forward flow closed due to FIN Flag
2026-06-11 20:54:06 - Forward flow closed due to FIN Flag
2026-06-11 20:54:06 - Forward flow closed due to FIN Flag
2026-06-11 20:54:06 - Forward flow received 2 FIN packets
2026-06-11 20:54:06 - Forward flow closed due to FIN Flag
2026-06-11 20:54:06 - Forward flow closed due to FIN Flag
2026-06-11 20:54:06 - Forward flow closed due to FIN Flag
2026-06-11 20:54:06 - Forward flow closed due to FIN Flag
2026-06-11 20:54:06 - Forward flow closed due to FIN Flag
2026-06-11 20:54:06 - Forward flow closed due to FIN Flag
2026-06-11 20:54:06 - Forward flow closed due to FIN Flag
2026-06-11 20:54:06 - Forward flow closed due to FIN Flag
2026-06-11 20:54:06 - Forward flow closed due to FIN Flag
2026-06-11 20:54:06 - Forward flow closed due to FIN Flag
2026-06-11 20:54:06 - Forward flow closed due to FIN Flag
2026-06-11 20:54:06 - Forward flow received 2 FIN packets
2026-06-11 20:54:06 - Forward flow closed due to FIN Flag
2026-06-11 20:54:06 - Forward flow closed due to FIN Flag
2026-06-11 20:54:06 - Forward flow received 2 FIN packets
2026-06-11 20:54:06 - Forward flow closed due to FIN Flag
2026-06-11 20:54:06 - Forward flow closed due to FIN Flag
2026-06-11 20:54:06 - Forward flow received 2 FIN packets
2026-06-11 20:54:06 - Forward flow received 3 FIN packets
2026-06-11 20:54:06 - Forward flow closed due to FIN Flag
2026-06-11 20:54:06 - Forward flow closed due to FIN Flag
2026-06-11 20:54:07 - Forward flow closed due to FIN Flag
2026-06-11 20:54:07 - Forward flow closed due to FIN Flag
2026-06-11 20:54:07 - Forward flow closed due to FIN Flag
2026-06-11 20:54:07 - Forward flow received 2 FIN packets
2026-06-11 20:54:07 - Forward flow closed due to FIN Flag
2026-06-11 20:54:07 - Forward flow closed due to FIN Flag
2026-06-11 20:54:07 - Forward flow closed due to FIN Flag
2026-06-11 20:54:07 - Forward flow closed due to FIN Flag
2026-06-11 20:54:07 - Forward flow closed due to FIN Flag
2026-06-11 20:54:07 - Forward flow closed due to FIN Flag
2026-06-11 20:54:07 - Forward flow closed due to FIN Flag
2026-06-11 20:54:07 - Forward flow received 2 FIN packets
2026-06-11 20:54:07 - Forward flow closed due to FIN Flag
2026-06-11 20:54:07 - Forward flow closed due to FIN Flag
2026-06-11 20:54:07 - Forward flow received 2 FIN packets
2026-06-11 20:54:07 - Forward flow closed due to FIN Flag
2026-06-11 20:54:07 - Forward flow received 3 FIN packets
2026-06-11 20:54:07 - Forward flow received 4 FIN packets
2026-06-11 20:54:07 - Forward flow received 5 FIN packets
2026-06-11 20:54:07 - Forward flow closed due to FIN Flag
2026-06-11 20:54:07 - Forward flow closed due to FIN Flag
2026-06-11 20:54:07 - Forward flow closed due to FIN Flag
2026-06-11 20:54:07 - Forward flow closed due to FIN Flag
2026-06-11 20:54:07 - Forward flow closed due to FIN Flag
2026-06-11 20:54:07 - Forward flow received 2 FIN packets
2026-06-11 20:54:07 - Forward flow received 3 FIN packets
2026-06-11 20:54:07 - Forward flow received 4 FIN packets
2026-06-11 20:54:07 - Forward flow received 5 FIN packets
2026-06-11 20:54:07 - Forward flow closed due to FIN Flag
2026-06-11 20:54:07 - Forward flow closed due to FIN Flag
2026-06-11 20:54:07 - Forward flow received 2 FIN packets
2026-06-11 20:54:07 - Forward flow received 3 FIN packets
2026-06-11 20:54:07 - Forward flow closed due to FIN Flag
2026-06-11 20:54:07 - Forward flow closed due to FIN Flag
2026-06-11 20:54:07 - Forward flow closed due to FIN Flag
2026-06-11 20:54:07 - Forward flow received 2 FIN packets
2026-06-11 20:54:07 - Forward flow closed due to FIN Flag
2026-06-11 20:54:07 - Forward flow closed due to FIN Flag
2026-06-11 20:54:07 - Forward flow closed due to FIN Flag
2026-06-11 20:54:07 - Forward flow received 2 FIN packets
2026-06-11 20:54:07 - Forward flow closed due to FIN Flag
2026-06-11 20:54:07 - Forward flow closed due to FIN Flag
2026-06-11 20:54:07 - Forward flow closed due to FIN Flag
2026-06-11 20:54:07 - Forward flow closed due to FIN Flag
2026-06-11 20:54:07 - Forward flow closed due to FIN Flag
2026-06-11 20:54:07 - Forward flow closed due to FIN Flag
2026-06-11 20:54:07 - Forward flow closed due to FIN Flag
2026-06-11 20:54:07 - Forward flow closed due to FIN Flag
2026-06-11 20:54:07 - Forward flow closed due to FIN Flag
2026-06-11 20:54:07 - Forward flow closed due to FIN Flag
2026-06-11 20:54:07 - Forward flow closed due to FIN Flag
2026-06-11 20:54:07 - Forward flow closed due to FIN Flag
2026-06-11 20:54:07 - Forward flow closed due to FIN Flag
2026-06-11 20:54:07 - Forward flow closed due to FIN Flag
2026-06-11 20:54:07 - Forward flow closed due to FIN Flag
2026-06-11 20:54:07 - Forward flow closed due to FIN Flag
2026-06-11 20:54:07 - Forward flow closed due to FIN Flag
2026-06-11 20:54:07 - Forward flow closed due to FIN Flag
2026-06-11 20:54:07 - Forward flow closed due to FIN Flag
2026-06-11 20:54:07 - Forward flow closed due to FIN Flag
2026-06-11 20:54:07 - Forward flow closed due to FIN Flag
2026-06-11 20:54:07 - Forward flow closed due to FIN Flag
2026-06-11 20:54:07 - Forward flow closed due to FIN Flag
2026-06-11 20:54:07 - Forward flow received 2 FIN packets
2026-06-11 20:54:07 - Forward flow closed due to FIN Flag
2026-06-11 20:54:07 - Forward flow closed due to FIN Flag
2026-06-11 20:54:07 - Forward flow closed due to FIN Flag
2026-06-11 20:54:07 - Forward flow received 2 FIN packets
2026-06-11 20:54:07 - Forward flow closed due to FIN Flag
2026-06-11 20:54:07 - Forward flow closed due to FIN Flag
2026-06-11 20:54:07 - Forward flow closed due to FIN Flag
2026-06-11 20:54:07 - Forward flow closed due to FIN Flag
2026-06-11 20:54:07 - Forward flow closed due to FIN Flag
2026-06-11 20:54:07 - Forward flow closed due to FIN Flag
2026-06-11 20:54:07 - Forward flow closed due to FIN Flag
2026-06-11 20:54:07 - Forward flow received 2 FIN packets
2026-06-11 20:54:07 - Forward flow closed due to FIN Flag
2026-06-11 20:54:07 - Forward flow received 2 FIN packets
2026-06-11 20:54:07 - Forward flow closed due to FIN Flag
2026-06-11 20:54:07 - Forward flow closed due to FIN Flag
2026-06-11 20:54:07 - Forward flow received 2 FIN packets
2026-06-11 20:54:07 - Forward flow closed due to FIN Flag
2026-06-11 20:54:07 - Forward flow closed due to FIN Flag
2026-06-11 20:54:07 - Forward flow closed due to FIN Flag
2026-06-11 20:54:07 - Forward flow closed due to FIN Flag
2026-06-11 20:54:07 - Forward flow received 2 FIN packets
2026-06-11 20:54:07 - Forward flow received 3 FIN packets
2026-06-11 20:54:07 - Forward flow received 4 FIN packets
2026-06-11 20:54:07 - Forward flow received 5 FIN packets
2026-06-11 20:54:07 - Forward flow closed due to FIN Flag
2026-06-11 20:54:07 - Forward flow closed due to FIN Flag
2026-06-11 20:54:07 - Forward flow received 2 FIN packets
2026-06-11 20:54:07 - Forward flow closed due to FIN Flag
2026-06-11 20:54:07 - Forward flow closed due to FIN Flag
2026-06-11 20:54:07 - Forward flow closed due to FIN Flag
2026-06-11 20:54:07 - Forward flow closed due to FIN Flag
2026-06-11 20:54:07 - Forward flow closed due to FIN Flag
2026-06-11 20:54:07 - Forward flow received 2 FIN packets
2026-06-11 20:54:07 - Forward flow closed due to FIN Flag
2026-06-11 20:54:07 - Forward flow closed due to FIN Flag
2026-06-11 20:54:07 - Forward flow received 2 FIN packets
2026-06-11 20:54:07 - Forward flow closed due to FIN Flag
2026-06-11 20:54:07 - Forward flow closed due to FIN Flag
2026-06-11 20:54:07 - Forward flow closed due to FIN Flag
2026-06-11 20:54:07 - Forward flow closed due to FIN Flag
2026-06-11 20:54:07 - Forward flow closed due to FIN Flag
2026-06-11 20:54:07 - Forward flow closed due to FIN Flag
2026-06-11 20:54:07 - Forward flow closed due to FIN Flag
2026-06-11 20:54:07 - Forward flow closed due to FIN Flag
2026-06-11 20:54:07 - Forward flow received 2 FIN packets
2026-06-11 20:54:07 - Forward flow closed due to FIN Flag
2026-06-11 20:54:07 - Forward flow closed due to FIN Flag
2026-06-11 20:54:07 - Forward flow closed due to FIN Flag
2026-06-11 20:54:07 - Forward flow closed due to FIN Flag
2026-06-11 20:54:07 - Forward flow closed due to FIN Flag
2026-06-11 20:54:07 - Forward flow received 2 FIN packets
2026-06-11 20:54:07 - Forward flow closed due to FIN Flag
2026-06-11 20:54:07 - Forward flow closed due to FIN Flag
2026-06-11 20:54:07 - Forward flow closed due to FIN Flag
2026-06-11 20:54:07 - Forward flow received 2 FIN packets
2026-06-11 20:54:07 - Forward flow closed due to FIN Flag
2026-06-11 20:54:07 - Forward flow closed due to FIN Flag
2026-06-11 20:54:07 - Forward flow received 2 FIN packets
2026-06-11 20:54:07 - Forward flow closed due to FIN Flag
2026-06-11 20:54:07 - Forward flow received 2 FIN packets
2026-06-11 20:54:07 - Forward flow closed due to FIN Flag
2026-06-11 20:54:07 - Forward flow closed due to FIN Flag
2026-06-11 20:54:07 - Forward flow closed due to FIN Flag
2026-06-11 20:54:07 - Forward flow closed due to FIN Flag
2026-06-11 20:54:07 - Forward flow closed due to FIN Flag
2026-06-11 20:54:07 - Forward flow closed due to FIN Flag
2026-06-11 20:54:07 - Forward flow closed due to FIN Flag
2026-06-11 20:54:07 - Forward flow closed due to FIN Flag
2026-06-11 20:54:07 - Forward flow closed due to FIN Flag
2026-06-11 20:54:07 - Forward flow received 2 FIN packets
2026-06-11 20:54:07 - Forward flow received 3 FIN packets
2026-06-11 20:54:07 - Forward flow received 4 FIN packets
2026-06-11 20:54:07 - Forward flow closed due to FIN Flag
2026-06-11 20:54:07 - Forward flow received 2 FIN packets
2026-06-11 20:54:07 - Forward flow closed due to FIN Flag
2026-06-11 20:54:07 - Forward flow closed due to FIN Flag
2026-06-11 20:54:07 - Forward flow closed due to FIN Flag
2026-06-11 20:54:07 - Forward flow received 5 FIN packets
2026-06-11 20:54:07 - Forward flow closed due to FIN Flag
2026-06-11 20:54:07 - Forward flow closed due to FIN Flag
2026-06-11 20:54:07 - Forward flow received 2 FIN packets
2026-06-11 20:54:07 - Forward flow closed due to FIN Flag
2026-06-11 20:54:07 - Forward flow received 2 FIN packets
2026-06-11 20:54:07 - Forward flow closed due to FIN Flag
2026-06-11 20:54:07 - Forward flow received 2 FIN packets
2026-06-11 20:54:07 - Forward flow closed due to FIN Flag
2026-06-11 20:54:07 - Forward flow received 3 FIN packets
2026-06-11 20:54:07 - Forward flow closed due to FIN Flag
2026-06-11 20:54:07 - Forward flow closed due to FIN Flag
2026-06-11 20:54:07 - Forward flow closed due to FIN Flag
2026-06-11 20:54:07 - Forward flow received 2 FIN packets
2026-06-11 20:54:07 - Forward flow closed due to FIN Flag
2026-06-11 20:54:07 - Forward flow closed due to FIN Flag
2026-06-11 20:54:07 - Forward flow closed due to FIN Flag
2026-06-11 20:54:07 - Forward flow closed due to FIN Flag
2026-06-11 20:54:07 - Forward flow closed due to FIN Flag
2026-06-11 20:54:07 - Forward flow closed due to FIN Flag
2026-06-11 20:54:07 - Forward flow closed due to FIN Flag
2026-06-11 20:54:07 - Forward flow closed due to FIN Flag
2026-06-11 20:54:07 - Forward flow closed due to FIN Flag
2026-06-11 20:54:07 - Forward flow closed due to FIN Flag
2026-06-11 20:54:07 - Forward flow closed due to FIN Flag
2026-06-11 20:54:07 - Forward flow closed due to FIN Flag
2026-06-11 20:54:07 - Forward flow received 2 FIN packets
2026-06-11 20:54:07 - Forward flow closed due to FIN Flag
2026-06-11 20:54:07 - Forward flow received 3 FIN packets
2026-06-11 20:54:07 - Forward flow closed due to FIN Flag
2026-06-11 20:54:07 - Forward flow received 2 FIN packets
2026-06-11 20:54:07 - Forward flow received 3 FIN packets
2026-06-11 20:54:07 - Forward flow closed due to FIN Flag
2026-06-11 20:54:07 - Forward flow received 2 FIN packets
2026-06-11 20:54:07 - Forward flow closed due to FIN Flag
2026-06-11 20:54:07 - Forward flow closed due to FIN Flag
2026-06-11 20:54:07 - Forward flow received 2 FIN packets
2026-06-11 20:54:07 - Forward flow closed due to FIN Flag
2026-06-11 20:54:07 - Forward flow received 3 FIN packets
2026-06-11 20:54:07 - Forward flow received 2 FIN packets
2026-06-11 20:54:07 - Forward flow closed due to FIN Flag
2026-06-11 20:54:07 - Forward flow received 4 FIN packets
2026-06-11 20:54:07 - Forward flow closed due to FIN Flag
2026-06-11 20:54:07 - Forward flow closed due to FIN Flag
2026-06-11 20:54:07 - Forward flow closed due to FIN Flag
2026-06-11 20:54:07 - Forward flow received 2 FIN packets
2026-06-11 20:54:07 - Forward flow closed due to FIN Flag
2026-06-11 20:54:07 - Forward flow received 3 FIN packets
2026-06-11 20:54:07 - Forward flow closed due to FIN Flag
2026-06-11 20:54:07 - Forward flow closed due to FIN Flag
2026-06-11 20:54:07 - Forward flow closed due to FIN Flag
2026-06-11 20:54:07 - Forward flow received 2 FIN packets
2026-06-11 20:54:07 - Forward flow closed due to FIN Flag
2026-06-11 20:54:07 - Forward flow closed due to FIN Flag
2026-06-11 20:54:07 - Forward flow received 2 FIN packets
2026-06-11 20:54:07 - Forward flow closed due to FIN Flag
2026-06-11 20:54:07 - Forward flow closed due to FIN Flag
2026-06-11 20:54:07 - Forward flow closed due to FIN Flag
2026-06-11 20:54:07 - Forward flow closed due to FIN Flag
2026-06-11 20:54:07 - Forward flow closed due to FIN Flag
2026-06-11 20:54:07 - Forward flow closed due to FIN Flag
2026-06-11 20:54:07 - Forward flow closed due to FIN Flag
2026-06-11 20:54:07 - Forward flow closed due to FIN Flag
2026-06-11 20:54:08 - Forward flow closed due to FIN Flag
2026-06-11 20:54:08 - Forward flow closed due to FIN Flag
2026-06-11 20:54:08 - Forward flow closed due to FIN Flag
2026-06-11 20:54:08 - Forward flow closed due to FIN Flag
2026-06-11 20:54:08 - Forward flow received 2 FIN packets
2026-06-11 20:54:08 - Forward flow closed due to FIN Flag
2026-06-11 20:54:08 - Forward flow closed due to FIN Flag
2026-06-11 20:54:08 - Forward flow closed due to FIN Flag
2026-06-11 20:54:08 - Forward flow closed due to FIN Flag
2026-06-11 20:54:08 - Forward flow closed due to FIN Flag
2026-06-11 20:54:08 - Forward flow closed due to FIN Flag
2026-06-11 20:54:08 - Forward flow closed due to FIN Flag
2026-06-11 20:54:08 - Forward flow closed due to FIN Flag
2026-06-11 20:54:08 - Forward flow received 2 FIN packets
2026-06-11 20:54:08 - Forward flow closed due to FIN Flag
2026-06-11 20:54:08 - Forward flow closed due to FIN Flag
2026-06-11 20:54:08 - Forward flow closed due to FIN Flag
2026-06-11 20:54:08 - Forward flow received 2 FIN packets
2026-06-11 20:54:08 - Forward flow closed due to FIN Flag
2026-06-11 20:54:08 - Forward flow closed due to FIN Flag
2026-06-11 20:54:08 - Forward flow received 2 FIN packets
2026-06-11 20:54:08 - Forward flow closed due to FIN Flag
2026-06-11 20:54:08 - Forward flow closed due to FIN Flag
2026-06-11 20:54:08 - Forward flow closed due to FIN Flag
2026-06-11 20:54:08 - Forward flow closed due to FIN Flag
2026-06-11 20:54:08 - Forward flow received 2 FIN packets
2026-06-11 20:54:08 - Forward flow closed due to FIN Flag
2026-06-11 20:54:08 - Forward flow closed due to FIN Flag
2026-06-11 20:54:08 - Forward flow closed due to FIN Flag
2026-06-11 20:54:08 - Forward flow closed due to FIN Flag
2026-06-11 20:54:08 - Forward flow closed due to FIN Flag
2026-06-11 20:54:08 - Forward flow closed due to FIN Flag
2026-06-11 20:54:08 - Forward flow received 2 FIN packets
2026-06-11 20:54:08 - Forward flow closed due to FIN Flag
2026-06-11 20:54:08 - Forward flow received 3 FIN packets
2026-06-11 20:54:08 - Forward flow received 4 FIN packets
2026-06-11 20:54:08 - Forward flow closed due to FIN Flag
2026-06-11 20:54:08 - Forward flow closed due to FIN Flag
2026-06-11 20:54:08 - Forward flow closed due to FIN Flag
2026-06-11 20:54:08 - Forward flow closed due to FIN Flag
2026-06-11 20:54:08 - Forward flow closed due to FIN Flag
2026-06-11 20:54:08 - Forward flow closed due to FIN Flag
2026-06-11 20:54:08 - Forward flow closed due to FIN Flag
2026-06-11 20:54:08 - Forward flow closed due to FIN Flag
